--------------------------------------------------------------------------------
Release 14.7 Trace  (lin64)
Copyright (c) 1995-2013 Xilinx, Inc.  All rights reserved.

/opt/Xilinx/14.7/ISE_DS/ISE/bin/lin64/unwrapped/trce -intstyle ise -v 3 -s 2 -n
3 -fastpaths -xml cbps00.twx cbps00.ncd -o cbps00.twr cbps00.pcf

Design file:              cbps00.ncd
Physical constraint file: cbps00.pcf
Device,package,speed:     xc6slx45,fgg676,C,-2 (PRODUCTION 1.23 2013-10-13)
Report level:             verbose report

Environment Variable      Effect 
--------------------      ------ 
NONE                      No environment variables were set
--------------------------------------------------------------------------------

INFO:Timing:2698 - No timing constraints found, doing default enumeration.
INFO:Timing:3412 - To improve timing, see the Timing Closure User Guide (UG612).
INFO:Timing:2752 - To get complete path coverage, use the unconstrained paths 
   option. All paths that are not constrained will be reported in the 
   unconstrained paths section(s) of the report.
INFO:Timing:3339 - The clock-to-out numbers in this timing report are based on 
   a 50 Ohm transmission line loading model.  For the details of this model, 
   and for more information on accounting for different loading conditions, 
   please see the device datasheet.



Data Sheet report:
-----------------
All values displayed in nanoseconds (ns)

Pad to Pad
---------------+---------------+---------+
Source Pad     |Destination Pad|  Delay  |
---------------+---------------+---------+
iA0            |oC0            |    8.804|
iA0            |oC1            |    9.824|
iA0            |oS0            |    9.084|
iA0            |oS1            |   10.039|
iA1            |oC1            |    8.821|
iA1            |oS1            |    8.605|
iB0            |oC0            |    8.683|
iB0            |oC1            |    9.703|
iB0            |oS0            |    8.963|
iB0            |oS1            |    9.918|
iB1            |oC1            |    8.657|
iB1            |oS1            |    8.441|
iC0            |oC0            |    8.360|
iC0            |oC1            |    9.380|
iC0            |oS0            |    8.037|
iC0            |oS1            |    9.595|
---------------+---------------+---------+


Analysis completed Sun Oct 28 11:13:31 2018 
--------------------------------------------------------------------------------

Trace Settings:
-------------------------
Trace Settings 

Peak Memory Usage: 425 MB



